'AutocracyStability.learning_capital' depends on axioms: [propext]
'AutocracyStability.learning_preserves_selection_rules' does not depend on any axioms
'AutocracyStability.learning_changes_leader' depends on axioms: [propext]
'AutocracyStability.unit_investment_budget' depends on axioms: [propext]
'AutocracyStability.endogenous_risk_denominator' depends on axioms: [propext]
'AutocracyStability.learning_survival_follows_risk' depends on axioms: [propext, Quot.sound]
'AutocracyStability.learning_stock_unbounded' depends on axioms: [propext, Quot.sound]
'AutocracyStability.bounded_annual_investment_does_not_force_vanishing' depends on axioms: [propext, Quot.sound]
'AutocracyStability.learning_preserves_any_regime' does not depend on any axioms
'AutocracyStability.participation_persists' depends on axioms: [propext]
'AutocracyStability.seed_persists' depends on axioms: [propext]
'AutocracyStability.evolving_barrier' depends on axioms: [propext]
'AutocracyStability.cascade_barrier' depends on axioms: [propext]
'AutocracyStability.evolving_progress' depends on axioms: [propext, Quot.sound]
'AutocracyStability.evolving_reaches' depends on axioms: [propext, Quot.sound]
'AutocracyStability.cascade_reaches_iff_no_barrier' depends on axioms: [propext, Quot.sound]
'AutocracyStability.all_policy_paths_reach_iff' depends on axioms: [propext, Quot.sound]
'AutocracyStability.bounded_adaptation_cannot_stop' depends on axioms: [propext, Quot.sound]
'AutocracyStability.cascade_comparison' depends on axioms: [propext]
'AutocracyStability.ready_count_mono' depends on axioms: [propext, Quot.sound]
'AutocracyStability.ready_count_bounded' depends on axioms: [propext, Quot.sound]
'AutocracyStability.threshold_response_mono' depends on axioms: [propext, Quot.sound]
'AutocracyStability.population_bound' depends on axioms: [propext, Quot.sound]
'AutocracyStability.stalled_unanimity' depends on axioms: [propext, Quot.sound]
'AutocracyStability.spontaneous_threshold_cascade' does not depend on any axioms
'AutocracyStability.seeded_threshold_cascade' does not depend on any axioms
'AutocracyStability.meets_sum_le' depends on axioms: [propext, Quot.sound]
'AutocracyStability.meets_self' does not depend on any axioms
'AutocracyStability.coalition_feasible_iff' depends on axioms: [propext, Quot.sound]
'AutocracyStability.coalition_budget_obstruction' depends on axioms: [propext, Classical.choice, Quot.sound]
'AutocracyStability.support_loss_iff' depends on axioms: [propext, Classical.choice, Quot.sound]
'AutocracyStability.cascade_ends_governing_capacity' depends on axioms: [propext, Classical.choice, Quot.sound]
'AutocracyStability.adaptive_cascade_ends_capacity' depends on axioms: [propext, Classical.choice, Quot.sound]
'AutocracyStability.capacity_loss_implies_government_end' does not depend on any axioms
'AutocracyStability.capacity_loss_without_correction_failure' depends on axioms: [propext, Quot.sound]
'AutocracyStability.quiet_is_equilibrium' does not depend on any axioms
'AutocracyStability.participation_is_equilibrium' does not depend on any axioms
'AutocracyStability.participation_pareto_better' does not depend on any axioms
'AutocracyStability.individual_departure_costly' does not depend on any axioms
'AutocracyStability.unanimous_preference_with_coordination_failure' does not depend on any axioms
'AutocracyStability.reform_responses_monotone' depends on axioms: [propext, Quot.sound]
'AutocracyStability.unchanged_policy_reaches' does not depend on any axioms
'AutocracyStability.accommodating_policy_blocks' depends on axioms: [propext, Quot.sound]
'AutocracyStability.adaptive_escape_counterexample' depends on axioms: [propext, Quot.sound]
'AutocracyStability.single_threshold_change_blocks' depends on axioms: [propext, Quot.sound]
'AutocracyStability.balanced_capacity_forever' depends on axioms: [propext]
'AutocracyStability.permanent_viability_counterexample' depends on axioms: [propext, Quot.sound]
'AutocracyStability.average_balance_does_not_ensure_survival' does not depend on any axioms
'AutocracyStability.same_shocks_different_incentives' depends on axioms: [propext, Quot.sound]
'AutocracyStability.invariant_forever' does not depend on any axioms
'AutocracyStability.rank_bound' depends on axioms: [propext, Quot.sound]
'AutocracyStability.exit_by_rank' depends on axioms: [propext, Classical.choice, Quot.sound]
'AutocracyStability.durable_democracy_if_exit_and_closed' depends on axioms: [propext, Classical.choice, Quot.sound]
'AutocracyStability.succession_autocracy_forever' does not depend on any axioms
'AutocracyStability.succession_changes_leader' depends on axioms: [propext]
'AutocracyStability.universal_autocratic_exit_false' does not depend on any axioms
'AutocracyStability.fixed_point_without_global_convergence' does not depend on any axioms
'AutocracyStability.attrition_or_exposure_accounting' depends on axioms: [propext, Quot.sound]
'AutocracyStability.attrition_forces_unbounded_exposure' depends on axioms: [propext, Classical.choice, Quot.sound]
'AutocracyStability.attrition_exposure_and_risk_force_vanishing' depends on axioms: [propext,
 Classical.choice,
 Quot.sound]
'AutocracyStability.indistinguishable_finite_prefix' depends on axioms: [propext]
'AutocracyStability.continuation_valid' depends on axioms: [propext, Quot.sound]
'AutocracyStability.continuation_initial_probability_one' depends on axioms: [propext]
'AutocracyStability.continuation_strictly_decreases' depends on axioms: [propext, Classical.choice, Quot.sound]
'AutocracyStability.continuation_survival_does_not_vanish' depends on axioms: [propext, Quot.sound]
'AutocracyStability.finite_prefix_does_not_determine_infinite_tail' depends on axioms: [propext, Quot.sound]
'AutocracyStability.strict_protect_selected' depends on axioms: [propext, Quot.sound]
'AutocracyStability.strict_correct_selected' depends on axioms: [propext, Quot.sound]
'AutocracyStability.incentive_trap' depends on axioms: [propext, Quot.sound]
'AutocracyStability.accountable_correction' depends on axioms: [propext, Quot.sound]
'AutocracyStability.preference_from_costs' depends on axioms: [propext, Quot.sound]
'AutocracyStability.survival_count_bound' depends on axioms: [propext]
'AutocracyStability.geometric_tail_bound' depends on axioms: [propext]
'AutocracyStability.recurrent_risk_vanishing_tail' depends on axioms: [propext, Quot.sound]
'AutocracyStability.unbounded_opportunities_preserve_vanishing' does not depend on any axioms
'AutocracyStability.positive_survival_at_every_finite_horizon' depends on axioms: [propext, Quot.sound]
'AutocracyStability.decreasing_risk_can_still_vanish' depends on axioms: [propext, Quot.sound]
'AutocracyStability.decreasing_risk_recurrence' depends on axioms: [propext]
'AutocracyStability.survival_denominators_positive' depends on axioms: [propext, Quot.sound]
'AutocracyStability.shrinking_risk_valid_probabilities' depends on axioms: [propext, Classical.choice, Quot.sound]
'AutocracyStability.shrinking_risk_strictly_decreases' depends on axioms: [propext, Quot.sound]
'AutocracyStability.shrinking_risk_survival_floor' depends on axioms: [propext, Quot.sound]
'AutocracyStability.shrinking_risk_not_vanishing' depends on axioms: [propext, Quot.sound]
'AutocracyStability.shrinking_risk_recurrence' depends on axioms: [propext, Quot.sound]
'AutocracyStability.shrinking_risk_positive' depends on axioms: [propext, Quot.sound]
'AutocracyStability.shrinking_survival_half_plus_excess' depends on axioms: [propext, Quot.sound]
'AutocracyStability.shrinking_survival_excess_vanishes' depends on axioms: [propext, Quot.sound]
'AutocracyStability.larger_selectorate_preserves_loyalty' does not depend on any axioms
'AutocracyStability.smaller_coalition_preserves_loyalty' does not depend on any axioms
'AutocracyStability.loyalty_imposes_aggregate_budget' depends on axioms: [propext]
'AutocracyStability.coalition_limits_reproduction_budget' depends on axioms: [propext, Quot.sound]
'AutocracyStability.maintained_talent_requires_replacement_budget' depends on axioms: [propext, Quot.sound]
'AutocracyStability.coalition_drain_gap_reduces_talent' depends on axioms: [propext, Quot.sound]
'AutocracyStability.talent_conservation_through' depends on axioms: [propext, Quot.sound]
'AutocracyStability.cumulative_reproduction_budget' depends on axioms: [propext, Quot.sound]
'AutocracyStability.joint_talent_fiscal_bound' depends on axioms: [propext, Quot.sound]
'AutocracyStability.cumulative_reproduction_gap_forces_exit' depends on axioms: [propext, Classical.choice, Quot.sound]
'AutocracyStability.rents_can_insulate_coalition' depends on axioms: [propext, Quot.sound]
'AutocracyStability.talent_loss_reduces_skill_revenue' depends on axioms: [propext, Quot.sound]
'AutocracyStability.reproduction_gap_persists_under_talent_loss' depends on axioms: [propext, Quot.sound]
'AutocracyStability.selectorate_drain_gap_forces_exit' depends on axioms: [propext, Classical.choice, Quot.sound]
'AutocracyStability.greater_brain_drain_reduces_talent' depends on axioms: [propext, Quot.sound]
'AutocracyStability.replaced_departures_preserve_talent' depends on axioms: [propext]
'AutocracyStability.brain_drain_and_patronage_can_coexist_with_learning' depends on axioms: [propext, Quot.sound]
'AutocracyStability.risk_product_denominator_positive' depends on axioms: [propext]
'AutocracyStability.risk_product_valid' depends on axioms: [propext, Quot.sound]
'AutocracyStability.bounded_denominator_one_step' depends on axioms: [propext, Quot.sound]
'AutocracyStability.bounded_denominator_product_bound' depends on axioms: [propext, Quot.sound]
'AutocracyStability.bounded_denominators_force_vanishing' depends on axioms: [propext, Quot.sound]
'AutocracyStability.actual_budget_implies_renewal_envelope' depends on axioms: [propext, Quot.sound]
'AutocracyStability.renewal_gap_consumes_potential' depends on axioms: [propext, Quot.sound]
'AutocracyStability.renewal_shortfall_forces_exit' depends on axioms: [propext, Classical.choice, Quot.sound]
'AutocracyStability.stationary_renewal_iff' depends on axioms: [propext, Classical.choice, Quot.sound]
'AutocracyStability.succession_preserves_renewal_feasibility' does not depend on any axioms
'AutocracyStability.cumulative_balance' depends on axioms: [propext, Quot.sound]
'AutocracyStability.cumulative_shortfall_breach' depends on axioms: [propext, Quot.sound]
'AutocracyStability.persistent_shortfall_growth' depends on axioms: [propext, Quot.sound]
'AutocracyStability.persistent_shortfall_not_survives' depends on axioms: [propext, Quot.sound]
'AutocracyStability.adequate_repair_bound' depends on axioms: [propext, Quot.sound]
'AutocracyStability.adequate_repair_survives' depends on axioms: [propext, Quot.sound]
'AutocracyStability.repair_dominance' depends on axioms: [propext, Quot.sound]
'AutocracyStability.comparative_capacity' depends on axioms: [propext, Quot.sound]
'AutocracyStability.burst_cleared' depends on axioms: [propext, Quot.sound]
'AutocracyStability.expensive_tail_cost' depends on axioms: [propext, Quot.sound]
'AutocracyStability.bounded_average_has_recurring_low_effort' depends on axioms: [propext, Classical.choice, Quot.sound]
'AutocracyStability.opportunity_count_monotone' depends on axioms: [propext, Quot.sound]
'AutocracyStability.recurrent_dates_give_unbounded_count' depends on axioms: [propext, Quot.sound]
'AutocracyStability.bounded_average_and_recurring_risk_force_vanishing' depends on axioms: [propext,
 Classical.choice,
 Quot.sound]
'AutocracyStability.depreciating_capital_bounded' depends on axioms: [propext, Quot.sound]
'AutocracyStability.bounded_capital_bounds_risk_denominator' depends on axioms: [propext, Quot.sound]
'AutocracyStability.depreciating_capital_risk_floor' depends on axioms: [propext, Quot.sound]
'AutocracyStability.depreciation_and_budget_force_vanishing' depends on axioms: [propext, Quot.sound]
'AutocracyStability.acceptance_iff_reservation' depends on axioms: [propext, Quot.sound]
'AutocracyStability.lower_pay_and_worse_conditions_rejected' depends on axioms: [propext, Quot.sound]
'AutocracyStability.inadequate_premium_rejected' depends on axioms: [propext, Quot.sound]
'AutocracyStability.hard_condition_blocks_every_wage' depends on axioms: [propext]
'AutocracyStability.higher_disadvantage_raises_reservation' depends on axioms: [propext, Quot.sound]
'AutocracyStability.recruitment_feasible_iff' depends on axioms: [propext, Quot.sound]
'AutocracyStability.coalition_and_talent_feasible_iff' depends on axioms: [propext, Quot.sound]
'AutocracyStability.reservation_floor_bounds_payroll' depends on axioms: [propext, Quot.sound]
'AutocracyStability.reservation_floor_limits_recruitment' depends on axioms: [propext, Quot.sound]
'AutocracyStability.no_affordable_offer_after_coalition' depends on axioms: [propext, Quot.sound]
'AutocracyStability.unwilling_pool_supplies_no_recruits' depends on axioms: [propext, Quot.sound]
'AutocracyStability.reflected_debt' depends on axioms: [propext, Quot.sound]
'AutocracyStability.floor_below_initial' depends on axioms: [propext, Quot.sound]
'AutocracyStability.floor_below_prefix' depends on axioms: [propext, Quot.sound]
'AutocracyStability.floor_attained' depends on axioms: [propext, Quot.sound]
'AutocracyStability.debt_le_iff_windows' depends on axioms: [propext, Quot.sound]
'AutocracyStability.survival_iff_windows' depends on axioms: [propext, Quot.sound]
