{
  "vdem_raw_rows": 31492,
  "vdem_current_units": 179,
  "classification": "V-Dem RoW: democracy=2 or 3; BR: Democracy=1, Colony=0; both through 2025",
  "vdem_cohorts": [
    {
      "start": 1789,
      "end": 2025,
      "n": 35,
      "democratic_start": 0,
      "democratic_end": 19,
      "share_start": 0.0,
      "share_end": 0.5428571428571428,
      "gains": 40,
      "losses": 21,
      "net": 19,
      "endpoint_up": 19,
      "endpoint_down": 0,
      "delta_bootstrap95": [
        0.37142857142857144,
        0.7142857142857143
      ],
      "paired_binomial_p": 3.814697265625e-06
    },
    {
      "start": 1800,
      "end": 2025,
      "n": 39,
      "democratic_start": 0,
      "democratic_end": 21,
      "share_start": 0.0,
      "share_end": 0.5384615384615384,
      "gains": 46,
      "losses": 25,
      "net": 21,
      "endpoint_up": 21,
      "endpoint_down": 0,
      "delta_bootstrap95": [
        0.38461538461538464,
        0.6923076923076923
      ],
      "paired_binomial_p": 9.5367431640625e-07
    },
    {
      "start": 1900,
      "end": 2025,
      "n": 105,
      "democratic_start": 5,
      "democratic_end": 58,
      "share_start": 0.047619047619047616,
      "share_end": 0.5523809523809524,
      "gains": 114,
      "losses": 61,
      "net": 53,
      "endpoint_up": 53,
      "endpoint_down": 0,
      "delta_bootstrap95": [
        0.4095238095238095,
        0.6
      ],
      "paired_binomial_p": 2.220446049250313e-16
    },
    {
      "start": 1950,
      "end": 2025,
      "n": 145,
      "democratic_start": 23,
      "democratic_end": 80,
      "share_start": 0.15862068965517243,
      "share_end": 0.5517241379310345,
      "gains": 129,
      "losses": 72,
      "net": 57,
      "endpoint_up": 57,
      "endpoint_down": 0,
      "delta_bootstrap95": [
        0.3103448275862069,
        0.47586206896551725
      ],
      "paired_binomial_p": 1.3877787807814457e-17
    },
    {
      "start": 1975,
      "end": 2025,
      "n": 153,
      "democratic_start": 35,
      "democratic_end": 81,
      "share_start": 0.22875816993464052,
      "share_end": 0.5294117647058824,
      "gains": 114,
      "losses": 68,
      "net": 46,
      "endpoint_up": 49,
      "endpoint_down": 3,
      "delta_bootstrap95": [
        0.2222222222222222,
        0.3790849673202614
      ],
      "paired_binomial_p": 1.042677055806962e-11
    },
    {
      "start": 2000,
      "end": 2025,
      "n": 172,
      "democratic_start": 84,
      "democratic_end": 87,
      "share_start": 0.4883720930232558,
      "share_end": 0.5058139534883721,
      "gains": 59,
      "losses": 56,
      "net": 3,
      "endpoint_up": 20,
      "endpoint_down": 17,
      "delta_bootstrap95": [
        -0.05232558139534884,
        0.0872093023255814
      ],
      "paired_binomial_p": 0.7428293587290682
    },
    {
      "start": 2010,
      "end": 2025,
      "n": 176,
      "democratic_start": 93,
      "democratic_end": 87,
      "share_start": 0.5284090909090909,
      "share_end": 0.4943181818181818,
      "gains": 32,
      "losses": 38,
      "net": -6,
      "endpoint_up": 9,
      "endpoint_down": 15,
      "delta_bootstrap95": [
        -0.09090909090909091,
        0.022727272727272728
      ],
      "paired_binomial_p": 0.30745625495910645
    }
  ],
  "br_cohorts": [
    {
      "start": 1950,
      "end": 2025,
      "n": 106,
      "democratic_start": 39,
      "democratic_end": 70,
      "share_start": 0.36792452830188677,
      "share_end": 0.660377358490566,
      "gains": 84,
      "losses": 53,
      "net": 31,
      "endpoint_up": 35,
      "endpoint_down": 4,
      "delta_bootstrap95": [
        0.18867924528301888,
        0.39622641509433965
      ],
      "paired_binomial_p": 3.353161446284503e-07
    },
    {
      "start": 1975,
      "end": 2025,
      "n": 165,
      "democratic_start": 46,
      "democratic_end": 94,
      "share_start": 0.2787878787878788,
      "share_end": 0.5696969696969697,
      "gains": 107,
      "losses": 59,
      "net": 48,
      "endpoint_up": 51,
      "endpoint_down": 3,
      "delta_bootstrap95": [
        0.21818181818181817,
        0.3696969696969697
      ],
      "paired_binomial_p": 2.9187763317395365e-12
    },
    {
      "start": 2000,
      "end": 2025,
      "n": 192,
      "democratic_start": 108,
      "democratic_end": 111,
      "share_start": 0.5625,
      "share_end": 0.578125,
      "gains": 40,
      "losses": 37,
      "net": 3,
      "endpoint_up": 17,
      "endpoint_down": 14,
      "delta_bootstrap95": [
        -0.041666666666666664,
        0.07291666666666667
      ],
      "paired_binomial_p": 0.720100131817162
    },
    {
      "start": 2010,
      "end": 2025,
      "n": 193,
      "democratic_start": 115,
      "democratic_end": 112,
      "share_start": 0.5958549222797928,
      "share_end": 0.5803108808290155,
      "gains": 23,
      "losses": 26,
      "net": -3,
      "endpoint_up": 11,
      "endpoint_down": 14,
      "delta_bootstrap95": [
        -0.06735751295336788,
        0.03626943005181347
      ],
      "paired_binomial_p": 0.6900379657745361
    }
  ],
  "vdem_fixed1950_periods": [
    {
      "start": 1951,
      "end": 1975,
      "gains": 20,
      "losses": 8,
      "net": 12,
      "autocratic_exposure": 2881,
      "democratic_exposure": 744,
      "annual_A_to_D": 0.006942034015966678,
      "annual_D_to_A": 0.010752688172043012
    },
    {
      "start": 1976,
      "end": 2000,
      "gains": 62,
      "losses": 22,
      "net": 40,
      "autocratic_exposure": 2352,
      "democratic_exposure": 1273,
      "annual_A_to_D": 0.026360544217687076,
      "annual_D_to_A": 0.01728201099764336
    },
    {
      "start": 2001,
      "end": 2010,
      "gains": 20,
      "losses": 12,
      "net": 8,
      "autocratic_exposure": 637,
      "democratic_exposure": 813,
      "annual_A_to_D": 0.03139717425431711,
      "annual_D_to_A": 0.014760147601476014
    },
    {
      "start": 2011,
      "end": 2025,
      "gains": 27,
      "losses": 30,
      "net": -3,
      "autocratic_exposure": 917,
      "democratic_exposure": 1258,
      "annual_A_to_D": 0.029443838604143947,
      "annual_D_to_A": 0.02384737678855326
    }
  ],
  "autocracy_cohorts": [
    {
      "start": 1900,
      "initial_autocratic": 100,
      "ever_democratic": 67,
      "democratic_2025": 53
    },
    {
      "start": 1950,
      "initial_autocratic": 122,
      "ever_democratic": 78,
      "democratic_2025": 57
    },
    {
      "start": 1975,
      "initial_autocratic": 118,
      "ever_democratic": 71,
      "democratic_2025": 49
    },
    {
      "start": 2000,
      "initial_autocratic": 88,
      "ever_democratic": 32,
      "democratic_2025": 20
    }
  ],
  "liberal_only": [
    {
      "start": 1900,
      "end": 2025,
      "n": 105,
      "democratic_start": 3,
      "democratic_end": 25,
      "share_start": 0.02857142857142857,
      "share_end": 0.23809523809523808,
      "gains": 47,
      "losses": 25,
      "net": 22,
      "endpoint_up": 22,
      "endpoint_down": 0,
      "delta_bootstrap95": [
        0.13333333333333333,
        0.29523809523809524
      ],
      "paired_binomial_p": 4.76837158203125e-07
    },
    {
      "start": 1950,
      "end": 2025,
      "n": 145,
      "democratic_start": 14,
      "democratic_end": 30,
      "share_start": 0.09655172413793103,
      "share_end": 0.20689655172413793,
      "gains": 43,
      "losses": 27,
      "net": 16,
      "endpoint_up": 17,
      "endpoint_down": 1,
      "delta_bootstrap95": [
        0.05517241379310345,
        0.16551724137931034
      ],
      "paired_binomial_p": 0.00014495849609375
    },
    {
      "start": 2010,
      "end": 2025,
      "n": 176,
      "democratic_start": 44,
      "democratic_end": 31,
      "share_start": 0.25,
      "share_end": 0.17613636363636365,
      "gains": 15,
      "losses": 28,
      "net": -13,
      "endpoint_up": 2,
      "endpoint_down": 15,
      "delta_bootstrap95": [
        -0.11931818181818182,
        -0.028409090909090908
      ],
      "paired_binomial_p": 0.002349853515625
    }
  ],
  "matched_classifications": [
    {
      "start": 1950,
      "n": 88,
      "vdem_start": 22,
      "vdem_end": 54,
      "br_start": 33,
      "br_end": 60
    },
    {
      "start": 1975,
      "n": 135,
      "vdem_start": 34,
      "vdem_end": 72,
      "br_start": 39,
      "br_end": 79
    },
    {
      "start": 2000,
      "n": 164,
      "vdem_start": 83,
      "vdem_end": 84,
      "br_start": 89,
      "br_end": 93
    },
    {
      "start": 2010,
      "n": 167,
      "vdem_start": 91,
      "vdem_end": 85,
      "br_start": 97,
      "br_end": 94
    }
  ],
  "sha256": {
    "regimes.csv": "1e0d045bc702591c95c9885a6dbe5e8bed13bcca9b2a236464caa7c6098851ff",
    "br.xlsx": "e7a352c41f70219f4e5db158bf1c1976f34a63ce0dbe6a04defb5986421f62ee"
  }
}
